// Jest Snapshot v1, https://goo.gl/fbAQLP

exports[`<Header /> should render a div 1`] = `
<div
  class="navBar-styles__NavBarWrapper-sc-7w88p1-0 fOaLJM"
>
  <nav
    class="navbar navbar-expand-md bg-#481380"
  >
    <a
      class="navbar-brand"
      href="/"
    >
      <img
        alt="Webiterate"
        src="IMAGE_MOCK"
      />
    </a>
    <button
      aria-label="Toggle navigation"
      class="navbar-toggler"
      type="button"
    >
      <span
        class="navbar-toggler-icon"
      />
    </button>
    <div
      class="collapse navbar-collapse"
    >
      <ul
        class="mr-auto navbar-nav"
      >
        <li
          class="nav-item"
        >
          <a
            class="nav-link"
            href="/home"
          >
            <span>
              Home
            </span>
          </a>
        </li>
        <li
          class="nav-item"
        >
          <a
            class="nav-link"
            href="/home"
          >
            <span>
              The Journey
            </span>
          </a>
        </li>
        <li
          class="dropdown nav-item"
        >
          <a
            aria-expanded="false"
            aria-haspopup="true"
            class="dropdown-toggle nav-link"
            href="#"
          >
            <span>
              Experiments
            </span>
          </a>
          <div
            aria-hidden="true"
            class="dropdown-menu dropdown-menu-right"
            role="menu"
            tabindex="-1"
          >
            <button
              class="dropdown-item"
              role="menuitem"
              tabindex="0"
              type="button"
            >
              Option 1
            </button>
            <button
              class="dropdown-item"
              role="menuitem"
              tabindex="0"
              type="button"
            >
              Option 2
            </button>
            <div
              class="dropdown-divider"
              tabindex="-1"
            />
            <button
              class="dropdown-item"
              role="menuitem"
              tabindex="0"
              type="button"
            >
              Reset
            </button>
          </div>
        </li>
      </ul>
    </div>
  </nav>
</div>
`;
